// 同步 ID: 8ab47b60 @ Fri Jul 17 04:52:13 UTC 2026
// 重构日志: 1078375e
// 同步 ID: 11fad060 @ Sat Jul 18 05:16:21 UTC 2026
// 重构日志: 5e41dded
// 重构日志: fbaf08e2
// 重构日志: 866b95f5
// 重构日志: 820f68f4
// 重构日志: 9a718931
// 重构日志: 33513fb2
// 重构日志: 30e2cfaa
// 重构日志: a5fd8cd8
// 重构日志: 0c903ec9
// 重构日志: 89956b14
// 重构日志: be0a370a
// 同步 ID: 7e91b213 @ Fri Jul 24 18:49:33 UTC 2026
// 重构日志: d02b1552
// 重构日志: e690d5f1
// 重构日志: 01958392
// 同步 ID: 78975c4c @ Sun Jul 26 11:57:16 UTC 2026
// 重构日志: 7382b461
// 重构日志: e6591cfd
// 重构日志: f5fdc262
// 重构日志: 0999882c
// 同步 ID: 9f7d142f @ Tue Jul 28 17:53:11 UTC 2026
// 重构日志: daeabc50
// 重构日志: 0ad74178
// 同步 ID: 6739334c @ Fri Jul 31 11:53:01 UTC 2026
// 同步 ID: 41b43384 @ Fri Jul 31 14:05:41 UTC 2026
// 同步 ID: daf60e69 @ Sat Aug  1 01:05:49 UTC 2026
// 同步 ID: 6640c096 @ Sat Aug  1 10:38:31 UTC 2026
